// Jest Snapshot v1, https://goo.gl/fbAQLP

exports[`Footer 1`] = `
<footer
  className="Footer"
>
  <div
    className="Menu"
  >
    <h3>
      Меню
    </h3>
    <ul
      className="MenuPages"
    >
      <li>
        <a
          aria-current={false}
          className="PageLink"
          href="/"
          onClick={[Function]}
          style={undefined}
        >
          Главная
        </a>
      </li>
      <li>
        <a
          aria-current={false}
          className="PageLink"
          href="/catalog/1"
          onClick={[Function]}
          style={undefined}
        >
          Каталог
        </a>
      </li>
      <li>
        <a
          aria-current={false}
          className="PageLink"
          href="/contacts"
          onClick={[Function]}
          style={undefined}
        >
          Контакты
        </a>
      </li>
      <li>
        <a
          aria-current={false}
          className="PageLink"
          href="/basket"
          onClick={[Function]}
          style={undefined}
        >
          Корзина
        </a>
      </li>
    </ul>
  </div>
  <div>
    <h3>
      Контакты
    </h3>
    <ul
      className="Contacts"
    >
      <li>
        +375 (29) 844-44-88
      </li>
      <li>
        +375 (44) 888-44-88
      </li>
      <li>
        Пн-Пт: 9:00-18:00
      </li>
      <li>
        г.Минск, пр.Победителей, 65
      </li>
    </ul>
  </div>
</footer>
`;
