// Jest Snapshot v1, https://goo.gl/fbAQLP

exports[`Order 1`] = `
<div
  className="Order"
>
  <h1>
    Оформление заказа:
  </h1>
  <div>
    <label
      className="LabelOrder"
      htmlFor="name"
    >
      Имя
    </label>
    <input
      autoFocus={true}
      className="InputOrder"
      name="name"
      onBlur={[Function]}
      onChange={[Function]}
      type="text"
    />
  </div>
  <div>
    <label
      className="LabelOrder"
      htmlFor="surname"
    >
      Фамилия
    </label>
    <input
      className="InputOrder"
      name="surname"
      onBlur={[Function]}
      onChange={[Function]}
      type="text"
    />
  </div>
  <div>
    <label
      className="LabelOrder"
      htmlFor="tel"
    >
      Телефон
    </label>
    <input
      className="InputOrder"
      name="tel"
      onBlur={[Function]}
      onChange={[Function]}
      placeholder="+37529111-22-33"
      type="text"
    />
  </div>
  <div>
    <label
      className="LabelOrder"
      htmlFor="email"
    >
      Email
    </label>
    <input
      className="InputOrder"
      name="email"
      onBlur={[Function]}
      onChange={[Function]}
      placeholder="email@gmail.com"
      type="text"
    />
  </div>
  <div>
    <label
      className="LabelOrder"
      htmlFor="delivery"
    >
      Способ доставки
    </label>
    <select
      className="InputOrder"
      name="delivery"
      onChange={[Function]}
    >
      <option
        value="pickup"
      >
        Самовывоз
      </option>
      <option
        value="post"
      >
        Почтой
      </option>
      <option
        value="courier"
      >
        Курьером по Минску
      </option>
    </select>
  </div>
  <div>
    <label
      className="LabelOrder"
      htmlFor="payment"
    >
      Способ оплаты
    </label>
    <select
      className="InputOrder"
      name="payment"
      onChange={[Function]}
    >
      <option
        value="cash"
      >
        Наличными
      </option>
      <option
        value="card"
      >
        Пластиковой картой
      </option>
      <option
        value="erip"
      >
        ЕРИП
      </option>
    </select>
  </div>
  <div>
    <label
      className="LabelOrder"
      htmlFor="note"
    >
      Примечание
    </label>
    <textarea
      className="TextareaOrder"
      name="note"
      onChange={[Function]}
    />
  </div>
  <input
    className="CheckoutButton"
    disabled={false}
    onClick={[Function]}
    type="button"
    value="Оформить заказ"
  />
</div>
`;
